// Jest Snapshot v1, https://goo.gl/fbAQLP

exports[`<Home /> should render successfully 1`] = `
<Styled(div)>
  <Styled(div)>
    <Connect(_SearchBar) />
    <Styled(small)>
      Search in country: AU
    </Styled(small)>
  </Styled(div)>
  <Styled(div)>
    <Styled(div)>
      No events found so far.
    </Styled(div)>
  </Styled(div)>
</Styled(div)>
`;
